// Jest Snapshot v1, https://goo.gl/fbAQLP

exports[`Testeo de <GiftItem /> Match del snapshot 1`] = `
<div>
  <div
    class="card"
  >
    <img
      alt="Saitama"
      src="https://urlcualquera.com/saitama.jpg"
    />
    <p>
      Saitama
    </p>
  </div>
</div>
`;
